###############################################################################
#                                                                             #
# IAR ELF Linker V6.10.2.52244/W32 for ARM              26/Apr/2011  16:37:10 #
# Copyright 2007-2010 IAR Systems AB.                                         #
#                                                                             #
#    Output file  =  C:\projects\ST Processor work\arm\Code\Debug\Exe\c.out   #
#    Map file     =  C:\projects\ST Processor work\arm\Code\Debug\List\c.map  #
#    Command line =  "C:\projects\ST Processor work\arm\Code\Debug\Obj\RTC.o" #
#                     "C:\projects\ST Processor work\arm\Code\Debug\Obj\main  #
#                    power test.o" -o "C:\projects\ST Processor               #
#                    work\arm\Code\Debug\Exe\c.out" --map "C:\projects\ST     #
#                    Processor work\arm\Code\Debug\List\c.map" --log          #
#                    libraries,initialization,modules,redirects,sections,     #
#                    veneers,unused_fragments --log_file "C:\projects\ST      #
#                    Processor work\arm\Code\Debug\List\c.log" --config       #
#                    "C:\projects\ST Processor work\arm\examples\ST\STM32F10x #
#                    \IAR-STM32F103ZE-SK\Accelerometer_Demo\config\stm32f10x_ #
#                    flash.icf" --semihosting --entry __iar_program_start     #
#                                                                             #
#                                                                             #
###############################################################################

*******************************************************************************
*** RUNTIME MODEL ATTRIBUTES
***

CppFlavor       = *
__SystemLibrary = DLib


*******************************************************************************
*** PLACEMENT SUMMARY
***

"A1":  place at 0x08000000 { ro section .intvec };
"P2":  place in [from 0x08000000 to 0x0807ffff] { ro };
"P3":  place in [from 0x20000000 to 0x2000ffff] { rw, block CSTACK, block HEAP };

  Section          Kind        Address   Size  Object
  -------          ----        -------   ----  ------
"A1":                                    0x40
  .intvec          ro code  0x08000000   0x40  vector_table_M.o [4]
                          - 0x08000040   0x40

"P2":                                   0x348
  .text            ro code  0x08000040  0x184  RTC.o [1]
  .text            ro code  0x080001c4  0x114  main power test.o [1]
  .text            ro code  0x080002d8   0x2c  data_init3.o [4]
  .text            ro code  0x08000304   0x22  zero_init3.o [4]
  .text            ro code  0x08000326    0x2  vector_table_M.o [4]
  .iar.init_table  const    0x08000328   0x10  - Linker created -
  .text            ro code  0x08000338   0x16  cmain.o [4]
  .text            ro code  0x0800034e    0x4  low_level_init.o [3]
  .text            ro code  0x08000352    0x8  exit.o [3]
  .text            ro code  0x0800035c    0xa  cexit.o [4]
  .text            ro code  0x08000368   0x14  exit.o [5]
  .text            ro code  0x0800037c    0xc  cstartup_M.o [4]
                          - 0x08000388  0x348

"P3", part 1 of 2:                       0x20
  .bss             zero     0x20000000   0x14  RTC.o [1]
  .bss             zero     0x20000014    0x8  main power test.o [1]
                          - 0x2000001c   0x1c

"P3", part 2 of 2:                      0x400
  CSTACK                    0x20000020  0x400  <Block>
    CSTACK         uninit   0x20000020  0x400  <Block tail>
                          - 0x20000420  0x400


*******************************************************************************
*** INIT TABLE
***

          Address     Size
          -------     ----
Zero (__iar_zero_init3)
    1 destination range, total size 0x1c:
          0x20000000  0x1c


*******************************************************************************
*** MODULE SUMMARY
***

    Module             ro code  ro data  rw data
    ------             -------  -------  -------
C:\projects\ST Processor work\arm\Code\Debug\Obj: [1]
    RTC.o                  388                20
    main power test.o      276                 8
    --------------------------------------------
    Total:                 664                28

command line: [2]
    --------------------------------------------
    Total:

dl7M_tln.a: [3]
    exit.o                   8
    low_level_init.o         4
    --------------------------------------------
    Total:                  12

rt7M_tl.a: [4]
    cexit.o                 10
    cmain.o                 22
    cstartup_M.o            12
    data_init3.o            44
    vector_table_M.o        66
    zero_init3.o            34
    --------------------------------------------
    Total:                 188

shb_l.a: [5]
    exit.o                  20
    --------------------------------------------
    Total:                  20

    Gaps                     4
    Linker created                   16    1 024
------------------------------------------------
    Grand Total:           888       16    1 052


*******************************************************************************
*** ENTRY LIST
***

Entry                     Address  Size  Type      Object
-----                     -------  ----  ----      ------
?main                  0x08000339        Code  Gb  cmain.o [4]
BusFault_Handler       0x08000327        Code  Wk  vector_table_M.o [4]
CSTACK$$Base           0x20000020         --   Gb  - Linker created -
CSTACK$$Limit          0x20000420         --   Gb  - Linker created -
Config_SPI             0x0800009b  0x66  Code  Gb  RTC.o [1]
DebugMon_Handler       0x08000327        Code  Wk  vector_table_M.o [4]
GPIO_Init              0x080001c5  0xbe  Code  Gb  main power test.o [1]
GPIO_ResetBits         0x08000287   0x4  Code  Gb  main power test.o [1]
GPIO_SetBits           0x08000283   0x4  Code  Gb  main power test.o [1]
Get_Time               0x08000195  0x1c  Code  Gb  RTC.o [1]
HardFault_Handler      0x08000327        Code  Wk  vector_table_M.o [4]
MemManage_Handler      0x08000327        Code  Wk  vector_table_M.o [4]
NMI_Handler            0x08000327        Code  Wk  vector_table_M.o [4]
PendSV_Handler         0x08000327        Code  Wk  vector_table_M.o [4]
Read_SPI               0x08000119  0x52  Code  Gb  RTC.o [1]
Region$$Table$$Base    0x08000328         --   Gb  - Linker created -
Region$$Table$$Limit   0x08000338         --   Gb  - Linker created -
SPI_Cmd                0x08000079  0x14  Code  Gb  RTC.o [1]
SPI_I2S_GetFlagStatus  0x0800008d   0xe  Code  Gb  RTC.o [1]
SPI_Init               0x08000041  0x38  Code  Gb  RTC.o [1]
SPI_InitStructure      0x20000000  0x14  Data  Gb  RTC.o [1]
SVC_Handler            0x08000327        Code  Wk  vector_table_M.o [4]
SysTick_Handler        0x08000327        Code  Wk  vector_table_M.o [4]
UsageFault_Handler     0x08000327        Code  Wk  vector_table_M.o [4]
__cmain                0x08000339        Code  Gb  cmain.o [4]
__exit                 0x08000369  0x14  Code  Gb  exit.o [5]
__iar_data_init3       0x080002d9  0x2c  Code  Gb  data_init3.o [4]
__iar_program_start    0x0800037d        Code  Gb  cstartup_M.o [4]
__iar_zero_init3       0x08000305  0x22  Code  Gb  zero_init3.o [4]
__low_level_init       0x0800034f   0x4  Code  Gb  low_level_init.o [3]
__vector_table         0x08000000        Data  Gb  vector_table_M.o [4]
_call_main             0x08000345        Code  Gb  cmain.o [4]
_exit                  0x0800035d        Code  Gb  cexit.o [4]
_main                  0x0800034b        Code  Gb  cmain.o [4]
exit                   0x08000353   0x8  Code  Gb  exit.o [3]
g_u16_CurrentTimeHigh  0x20000014   0x2  Data  Gb  main power test.o [1]
g_u32_CurrentTimeLow   0x20000018   0x4  Data  Gb  main power test.o [1]
main                   0x0800028b  0x42  Code  Gb  main power test.o [1]


[1] = C:\projects\ST Processor work\arm\Code\Debug\Obj
[2] = command line
[3] = dl7M_tln.a
[4] = rt7M_tl.a
[5] = shb_l.a

    888 bytes of readonly  code memory
     16 bytes of readonly  data memory
  1 052 bytes of readwrite data memory

Errors: none
Warnings: none
